C:\Users\wputn1\Desktop\Project5\implementation\Project5.ngc 1446920175
C:/Users/wputn1/Desktop/Project5/implementation/microblaze_0_wrapper.ngc 1446920095
C:/Users/wputn1/Desktop/Project5/implementation/mb_plb_wrapper.ngc 1446920095
C:/Users/wputn1/Desktop/Project5/implementation/ilmb_wrapper.ngc 1446920095
C:/Users/wputn1/Desktop/Project5/implementation/dlmb_wrapper.ngc 1446920095
C:/Users/wputn1/Desktop/Project5/implementation/dlmb_cntlr_wrapper.ngc 1446920095
C:/Users/wputn1/Desktop/Project5/implementation/ilmb_cntlr_wrapper.ngc 1446920095
C:/Users/wputn1/Desktop/Project5/implementation/lmb_bram_wrapper.ngc 1446920095
C:/Users/wputn1/Desktop/Project5/implementation/buttons_3bit_wrapper.ngc 1446920095
C:/Users/wputn1/Desktop/Project5/implementation/character_lcd_2x16_wrapper.ngc 1446920095
C:/Users/wputn1/Desktop/Project5/implementation/ddr_sdram_wrapper.ngc 1446920095
C:/Users/wputn1/Desktop/Project5/implementation/dip_switches_4bit_wrapper.ngc 1446920095
C:/Users/wputn1/Desktop/Project5/implementation/ethernet_mac_wrapper.ngc 1446920095
C:/Users/wputn1/Desktop/Project5/implementation/flash_wrapper.ngc 1446920095
C:/Users/wputn1/Desktop/Project5/implementation/leds_1bit_wrapper.ngc 1446920095
C:/Users/wputn1/Desktop/Project5/implementation/leds_6bit_wrapper.ngc 1446920095
C:/Users/wputn1/Desktop/Project5/implementation/rs232_dce_wrapper.ngc 1446920095
C:/Users/wputn1/Desktop/Project5/implementation/rs232_dte_wrapper.ngc 1446920095
C:/Users/wputn1/Desktop/Project5/implementation/rotary_encoder_wrapper.ngc 1446920095
C:/Users/wputn1/Desktop/Project5/implementation/xps_timer_0_wrapper.ngc 1446920095
C:/Users/wputn1/Desktop/Project5/implementation/clock_generator_0_wrapper.ngc 1446920125
C:/Users/wputn1/Desktop/Project5/implementation/mdm_0_wrapper.ngc 1446920095
C:/Users/wputn1/Desktop/Project5/implementation/proc_sys_reset_0_wrapper.ngc 1446920095
C:/Users/wputn1/Desktop/Project5/implementation/graphics_ip_0_wrapper.ngc 1446920095
C:/Users/wputn1/Desktop/Project5/implementation/controller_0_wrapper.ngc 1446920120
OK
