V3 5
FL C:/Users/Jeff/Dropbox/UNH/ELEC_4475_01_F15_System_On_Chip/SoC/proj1.vhd 2015/09/11.15:29:17 O.40d
FL C:/Users/Jeff/Dropbox/UNH/ELEC_4475_01_F15_System_On_Chip/SoC/project_1/proj1.vhd 2015/09/16.10:12:44 O.40d
EN work/top_level_test 1442412796 \
      FL C:/Users/Jeff/Dropbox/UNH/ELEC_4475_01_F15_System_On_Chip/SoC/project_1/proj1.vhd \
      PB ieee/std_logic_1164 1296775758 PB ieee/NUMERIC_STD 1296775759
AR work/top_level_test/Behavioral 1442412797 \
      FL C:/Users/Jeff/Dropbox/UNH/ELEC_4475_01_F15_System_On_Chip/SoC/project_1/proj1.vhd \
      EN work/top_level_test 1442412796
FL C:/Users/wputn1/Desktop/project_1/proj1.vhd 2015/09/14.11:47:10 O.40d
