
**** Build of configuration Debug for project graphicsInC ****

make all 
Building file: ../gameGraphics.c
Invoking: MicroBlaze gcc compiler
mb-gcc -Wall -O0 -g3 -c -fmessage-length=0 -I../../graphics_bsp_0/microblaze_0/include -mxl-barrel-shift -mxl-pattern-compare -mcpu=v8.10.a -mno-xl-soft-mul -MMD -MP -MF"gameGraphics.d" -MT"gameGraphics.d" -o"gameGraphics.o" "../gameGraphics.c"
../gameGraphics.c: In function 'main':
../gameGraphics.c:330: warning: excess elements in array initializer
../gameGraphics.c:330: warning: (near initialization for 'sprMap')
../gameGraphics.c:41: warning: unused variable 'sprMap'
../gameGraphics.c:39: warning: unused variable 'background'
../gameGraphics.c:39: warning: unused variable 'foreground'
../gameGraphics.c:38: warning: unused variable 'cwht1'
../gameGraphics.c:38: warning: unused variable 'cyel0'
../gameGraphics.c:37: warning: unused variable 'cmag1'
../gameGraphics.c:36: warning: unused variable 'ccyan0'
../gameGraphics.c:36: warning: unused variable 'cgreen0'
../gameGraphics.c:35: warning: unused variable 'cblue0'
../gameGraphics.c:35: warning: unused variable 'cblk0'
../gameGraphics.c:33: warning: unused variable 'data_sm'
../gameGraphics.c:33: warning: unused variable 'data_tb'
../gameGraphics.c:33: warning: unused variable 'data_tf'
../gameGraphics.c:32: warning: unused variable 'addr_sm'
../gameGraphics.c:32: warning: unused variable 'addr_tb'
../gameGraphics.c:32: warning: unused variable 'addr_tf'
../gameGraphics.c:30: warning: unused variable 'dataTmp'
Finished building: ../gameGraphics.c
' '
Building target: graphicsInC.elf
Invoking: MicroBlaze gcc linker
mb-gcc -Wl,-T -Wl,../src/lscript.ld -L../../graphics_bsp_0/microblaze_0/lib -mxl-barrel-shift -mxl-pattern-compare -mcpu=v8.10.a -mno-xl-soft-mul -o"graphicsInC.elf"  ./gameGraphics.o   
Finished building target: graphicsInC.elf
' '
Invoking: MicroBlaze Print Size
mb-size graphicsInC.elf  |tee "graphicsInC.elf.size"
   text	   data	    bss	    dec	    hex	filename
  18294	    296	   2090	  20680	   50c8	graphicsInC.elf
Finished building: graphicsInC.elf.size
' '
Invoking: Xilinx ELF Check
elfcheck graphicsInC.elf -hw ../../hw_platform_0/system.xml -pe microblaze_0  |tee "graphicsInC.elf.elfcheck"
elfcheck
Xilinx EDK 13.1 Build EDK_O.40d
Copyright (c) 1995-2010 Xilinx, Inc.  All rights reserved.

Command Line: elfcheck -hw ../../hw_platform_0/system.xml -pe microblaze_0
graphicsInC.elf 

ELF file	: graphicsInC.elf
elfcheck passed.
Finished building: graphicsInC.elf.elfcheck
' '
