C:\Users\wputn1\Desktop\Project6\implementation\Project5.ngc 1447434243
C:/Users/wputn1/Desktop/Project6/implementation/microblaze_0_wrapper.ngc 1447434176
C:/Users/wputn1/Desktop/Project6/implementation/mb_plb_wrapper.ngc 1447433757
C:/Users/wputn1/Desktop/Project6/implementation/ilmb_wrapper.ngc 1447434178
C:/Users/wputn1/Desktop/Project6/implementation/dlmb_wrapper.ngc 1447434180
C:/Users/wputn1/Desktop/Project6/implementation/dlmb_cntlr_wrapper.ngc 1447433768
C:/Users/wputn1/Desktop/Project6/implementation/ilmb_cntlr_wrapper.ngc 1447433772
C:/Users/wputn1/Desktop/Project6/implementation/lmb_bram_wrapper.ngc 1447433776
C:/Users/wputn1/Desktop/Project6/implementation/buttons_3bit_wrapper.ngc 1447433789
C:/Users/wputn1/Desktop/Project6/implementation/character_lcd_2x16_wrapper.ngc 1447433802
C:/Users/wputn1/Desktop/Project6/implementation/ddr_sdram_wrapper.ngc 1447434182
C:/Users/wputn1/Desktop/Project6/implementation/dip_switches_4bit_wrapper.ngc 1447433909
C:/Users/wputn1/Desktop/Project6/implementation/ethernet_mac_wrapper.ngc 1447434186
C:/Users/wputn1/Desktop/Project6/implementation/flash_wrapper.ngc 1447434010
C:/Users/wputn1/Desktop/Project6/implementation/leds_1bit_wrapper.ngc 1447434023
C:/Users/wputn1/Desktop/Project6/implementation/leds_6bit_wrapper.ngc 1447434036
C:/Users/wputn1/Desktop/Project6/implementation/rs232_dce_wrapper.ngc 1447434188
C:/Users/wputn1/Desktop/Project6/implementation/rs232_dte_wrapper.ngc 1447434191
C:/Users/wputn1/Desktop/Project6/implementation/rotary_encoder_wrapper.ngc 1447434087
C:/Users/wputn1/Desktop/Project6/implementation/xps_timer_0_wrapper.ngc 1447434107
C:/Users/wputn1/Desktop/Project6/implementation/clock_generator_0_wrapper.ngc 1447434193
C:/Users/wputn1/Desktop/Project6/implementation/mdm_0_wrapper.ngc 1447434123
C:/Users/wputn1/Desktop/Project6/implementation/proc_sys_reset_0_wrapper.ngc 1447434127
C:/Users/wputn1/Desktop/Project6/implementation/graphics_ip_0_wrapper.ngc 1447434162
C:/Users/wputn1/Desktop/Project6/implementation/controller_0_wrapper.ngc 1447434171
OK
