V3 3
FL C:/Users/jfalb1/Desktop/Project5/Controller/controller_ip.vhd 2015/11/04.17:34:38 O.40d
EN work/controller_ip 1446676486 \
      FL C:/Users/jfalb1/Desktop/Project5/Controller/controller_ip.vhd \
      PB ieee/std_logic_1164 1296775758 PB ieee/NUMERIC_STD 1296775759 \
      PB ieee/STD_LOGIC_UNSIGNED 1296775760
AR work/controller_ip/Behavioral 1446676487 \
      FL C:/Users/jfalb1/Desktop/Project5/Controller/controller_ip.vhd \
      EN work/controller_ip 1446676486
