AR vgatest arch C:/Users/Jeff/Documents/GitHub/System_on_Chip/Project_2/vgatest.vhd sub00/vhpl04 1442937738
AR vgatimehelper arch C:/Users/Jeff/Documents/GitHub/System_on_Chip/Project_2/vgatimehelper.vhd sub00/vhpl02 1442937736
EN vgatimehelper NULL C:/Users/Jeff/Documents/GitHub/System_on_Chip/Project_2/vgatimehelper.vhd sub00/vhpl01 1442937735
EN vgatest NULL C:/Users/Jeff/Documents/GitHub/System_on_Chip/Project_2/vgatest.vhd sub00/vhpl03 1442937737
EN proj2 NULL C:/Users/Jeff/Documents/GitHub/System_on_Chip/Project_2/proj2.vhd sub00/vhpl00 1442864475
