C:\Users\malsa6\Desktop\Project7\implementation\Project5.ngc 1447688638
C:/Users/malsa6/Desktop/Project7/implementation/microblaze_0_wrapper.ngc 1447688559
C:/Users/malsa6/Desktop/Project7/implementation/mb_plb_wrapper.ngc 1447688130
C:/Users/malsa6/Desktop/Project7/implementation/ilmb_wrapper.ngc 1447688562
C:/Users/malsa6/Desktop/Project7/implementation/dlmb_wrapper.ngc 1447688564
C:/Users/malsa6/Desktop/Project7/implementation/dlmb_cntlr_wrapper.ngc 1447688143
C:/Users/malsa6/Desktop/Project7/implementation/ilmb_cntlr_wrapper.ngc 1447688147
C:/Users/malsa6/Desktop/Project7/implementation/lmb_bram_wrapper.ngc 1447688151
C:/Users/malsa6/Desktop/Project7/implementation/buttons_3bit_wrapper.ngc 1447688166
C:/Users/malsa6/Desktop/Project7/implementation/character_lcd_2x16_wrapper.ngc 1447688183
C:/Users/malsa6/Desktop/Project7/implementation/ddr_sdram_wrapper.ngc 1447688567
C:/Users/malsa6/Desktop/Project7/implementation/dip_switches_4bit_wrapper.ngc 1447688289
C:/Users/malsa6/Desktop/Project7/implementation/ethernet_mac_wrapper.ngc 1447688572
C:/Users/malsa6/Desktop/Project7/implementation/flash_wrapper.ngc 1447688371
C:/Users/malsa6/Desktop/Project7/implementation/leds_1bit_wrapper.ngc 1447688386
C:/Users/malsa6/Desktop/Project7/implementation/leds_6bit_wrapper.ngc 1447688401
C:/Users/malsa6/Desktop/Project7/implementation/rs232_dce_wrapper.ngc 1447688574
C:/Users/malsa6/Desktop/Project7/implementation/rs232_dte_wrapper.ngc 1447688577
C:/Users/malsa6/Desktop/Project7/implementation/rotary_encoder_wrapper.ngc 1447688462
C:/Users/malsa6/Desktop/Project7/implementation/xps_timer_0_wrapper.ngc 1447688485
C:/Users/malsa6/Desktop/Project7/implementation/clock_generator_0_wrapper.ngc 1447688580
C:/Users/malsa6/Desktop/Project7/implementation/mdm_0_wrapper.ngc 1447688502
C:/Users/malsa6/Desktop/Project7/implementation/proc_sys_reset_0_wrapper.ngc 1447688507
C:/Users/malsa6/Desktop/Project7/implementation/graphics_ip_0_wrapper.ngc 1447688545
C:/Users/malsa6/Desktop/Project7/implementation/controller_0_wrapper.ngc 1447688555
OK
