AR vgatest arch C:/Users/Jeff/Documents/GitHub/System_on_Chip/Project2/vgatest.vhd sub00/vhpl03 1442940647
AR vgatimehelper arch C:/Users/Jeff/Documents/GitHub/System_on_Chip/Project2/vgatimehelper.vhd sub00/vhpl01 1442940645
EN vgatimehelper NULL C:/Users/Jeff/Documents/GitHub/System_on_Chip/Project2/vgatimehelper.vhd sub00/vhpl00 1442940644
EN vgatest NULL C:/Users/Jeff/Documents/GitHub/System_on_Chip/Project2/vgatest.vhd sub00/vhpl02 1442940646
