AR vgatest arch C:/Users/Jeff/Documents/GitHub/System_on_Chip/Project2/vgatest.vhd sub00/vhpl03 1443201664
AR vgatimehelper arch C:/Users/Jeff/Documents/GitHub/System_on_Chip/Project2/vgatimehelper.vhd sub00/vhpl01 1443201662
EN vgatimehelper NULL C:/Users/Jeff/Documents/GitHub/System_on_Chip/Project2/vgatimehelper.vhd sub00/vhpl00 1443201661
EN vgatest NULL C:/Users/Jeff/Documents/GitHub/System_on_Chip/Project2/vgatest.vhd sub00/vhpl02 1443201663
