AR vgatest arch C:/Users/Jeff/Documents/GitHub/System_on_Chip/Project2/vgatest.vhd sub00/vhpl03 1443041984
AR vgatimehelper arch C:/Users/Jeff/Documents/GitHub/System_on_Chip/Project2/vgatimehelper.vhd sub00/vhpl01 1443041982
EN vgatimehelper NULL C:/Users/Jeff/Documents/GitHub/System_on_Chip/Project2/vgatimehelper.vhd sub00/vhpl00 1443041981
EN vgatest NULL C:/Users/Jeff/Documents/GitHub/System_on_Chip/Project2/vgatest.vhd sub00/vhpl02 1443041983
