V3 7
FL C:/Users/Jeff/Documents/GitHub/System_on_Chip/Project2/vgatest.vhd 2015/09/22.11:55:13 O.40d
EN work/vgatest 1442940646 \
      FL C:/Users/Jeff/Documents/GitHub/System_on_Chip/Project2/vgatest.vhd \
      PB ieee/std_logic_1164 1296775758 PB ieee/NUMERIC_STD 1296775759 \
      PB ieee/STD_LOGIC_UNSIGNED 1296775760
AR work/vgatest/arch 1442940647 \
      FL C:/Users/Jeff/Documents/GitHub/System_on_Chip/Project2/vgatest.vhd \
      EN work/vgatest 1442940646 CP vgatimehelper
FL C:/Users/Jeff/Documents/GitHub/System_on_Chip/Project2/vgatimehelper.vhd 2015/09/22.11:55:11 O.40d
EN work/vgatimehelper 1442940644 \
      FL C:/Users/Jeff/Documents/GitHub/System_on_Chip/Project2/vgatimehelper.vhd \
      PB ieee/std_logic_1164 1296775758 PB ieee/NUMERIC_STD 1296775759
AR work/vgatimehelper/arch 1442940645 \
      FL C:/Users/Jeff/Documents/GitHub/System_on_Chip/Project2/vgatimehelper.vhd \
      EN work/vgatimehelper 1442940644
