V3 4
FL E:/SoC/Project5IPCore/project5IP.vhd 2015/10/16.15:33:36 O.40d
EN work/project5IP 0 FL E:/SoC/Project5IPCore/project5IP.vhd \
      PB ieee/std_logic_1164 1296775758 PB ieee/NUMERIC_STD 1296775759 \
      PB ieee/STD_LOGIC_UNSIGNED 1296775760 PB ieee/MATH_REAL 1296775758
AR work/project5IP/Behavioral 0 \
      FL E:/SoC/Project5IPCore/project5IP.vhd EN work/project5IP 0 \
      CP vgatimehelper
